test_failed_terminal_is_not_retried (test_recovery_resource_lifetime.Tests.test_failed_terminal_is_not_retried) ... ok
test_poisoned_transport_terminal_once_after_guard_failure (test_recovery_resource_lifetime.Tests.test_poisoned_transport_terminal_once_after_guard_failure) ... ok
test_clean_reset_and_physical_cap (recovery_tests.Tests.test_clean_reset_and_physical_cap) ... ok
test_crash_after_claim_no_dispatch (recovery_tests.Tests.test_crash_after_claim_no_dispatch) ... ok
test_expiry_after_feedback_no_renewal (recovery_tests.Tests.test_expiry_after_feedback_no_renewal) ... ok
test_feedback_mutations_no_second_dispatch (recovery_tests.Tests.test_feedback_mutations_no_second_dispatch) ... ok
test_feedback_publication_conflict_no_retry (recovery_tests.Tests.test_feedback_publication_conflict_no_retry) ... ok
test_invalid_usage_and_finish_terminal (recovery_tests.Tests.test_invalid_usage_and_finish_terminal) ... ok
test_terminal_arrives_before_final_observation (recovery_tests.Tests.test_terminal_arrives_before_final_observation) ... ok
test_three_errors_no_actions (recovery_tests.Tests.test_three_errors_no_actions) ... ok
test_actual_helper_unicode_and_conflict_poison (recovery_transport_tests.Tests.test_actual_helper_unicode_and_conflict_poison) ... ok
test_two_engines_actual_helper_processes (recovery_transport_tests.Tests.test_two_engines_actual_helper_processes) ... ok
test_wrong_helper_pin_fails_before_write (recovery_transport_tests.Tests.test_wrong_helper_pin_fails_before_write) ... ok
test_clean_reset_and_physical_cap (recovery_tests.Tests.test_clean_reset_and_physical_cap) ... ok
test_crash_after_claim_no_dispatch (recovery_tests.Tests.test_crash_after_claim_no_dispatch) ... ok
test_expiry_after_feedback_no_renewal (recovery_tests.Tests.test_expiry_after_feedback_no_renewal) ... ok
test_feedback_mutations_no_second_dispatch (recovery_tests.Tests.test_feedback_mutations_no_second_dispatch) ... ok
test_feedback_publication_conflict_no_retry (recovery_tests.Tests.test_feedback_publication_conflict_no_retry) ... ok
test_invalid_usage_and_finish_terminal (recovery_tests.Tests.test_invalid_usage_and_finish_terminal) ... ok
test_terminal_arrives_before_final_observation (recovery_tests.Tests.test_terminal_arrives_before_final_observation) ... ok
test_three_errors_no_actions (recovery_tests.Tests.test_three_errors_no_actions) ... ok

----------------------------------------------------------------------
Ran 21 tests in 11.277s

OK
